[    0.000000] Linux version 4.15.0-38-generic (buildd@lcy01-amd64-023) (gcc version 7.3.0 (Ubuntu 7.3.0-16ubuntu3)) #41-Ubuntu SMP Wed Oct 10 10:59:38 UTC 2018 (Ubuntu 4.15.0-38.41-generic 4.15.18)
[    0.000000] Command line: BOOT_IMAGE=/boot/vmlinuz-4.15.0-38-generic root=LABEL=cloudimg-rootfs ro console=tty1 console=ttyS0
[    0.000000] KERNEL supported cpus:
[    0.000000]   Intel GenuineIntel
[    0.000000]   AMD AuthenticAMD
[    0.000000]   Centaur CentaurHauls
[    0.000000] x86/fpu: Supporting XSAVE feature 0x001: 'x87 floating point registers'
[    0.000000] x86/fpu: Supporting XSAVE feature 0x002: 'SSE registers'
[    0.000000] x86/fpu: Supporting XSAVE feature 0x004: 'AVX registers'
[    0.000000] x86/fpu: xstate_offset[2]:  576, xstate_sizes[2]:  256
[    0.000000] x86/fpu: Enabled xstate features 0x7, context size is 832 bytes, using 'standard' format.
[    0.000000] e820: BIOS-provided physical RAM map:
[    0.000000] BIOS-e820: [mem 0x0000000000000000-0x000000000009fbff] usable
[    0.000000] BIOS-e820: [mem 0x000000000009fc00-0x000000000009ffff] reserved
[    0.000000] BIOS-e820: [mem 0x00000000000f0000-0x00000000000fffff] reserved
[    0.000000] BIOS-e820: [mem 0x0000000000100000-0x000000007ffeffff] usable
[    0.000000] BIOS-e820: [mem 0x000000007fff0000-0x000000007fffffff] ACPI data
[    0.000000] BIOS-e820: [mem 0x00000000fec00000-0x00000000fec00fff] reserved
[    0.000000] BIOS-e820: [mem 0x00000000fee00000-0x00000000fee00fff] reserved
[    0.000000] BIOS-e820: [mem 0x00000000fffc0000-0x00000000ffffffff] reserved
[    0.000000] NX (Execute Disable) protection: active
[    0.000000] SMBIOS 2.5 present.
[    0.000000] DMI: innotek GmbH VirtualBox/VirtualBox, BIOS VirtualBox 12/01/2006
[    0.000000] Hypervisor detected: KVM
[    0.000000] e820: last_pfn = 0x7fff0 max_arch_pfn = 0x400000000
[    0.000000] MTRR: Disabled
[    0.000000] x86/PAT: MTRRs disabled, skipping PAT initialization too.
[    0.000000] CPU MTRRs all blank - virtualized system.
[    0.000000] x86/PAT: Configuration [0-7]: WB  WT  UC- UC  WB  WT  UC- UC  
[    0.000000] found SMP MP-table at [mem 0x0009fff0-0x0009ffff] mapped at [        (ptrval)]
[    0.000000] Scanning 1 areas for low memory corruption
[    0.000000] RAMDISK: [mem 0x35ae3000-0x36d68fff]
[    0.000000] ACPI: Early table checksum verification disabled
[    0.000000] ACPI: RSDP 0x00000000000E0000 000024 (v02 VBOX  )
[    0.000000] ACPI: XSDT 0x000000007FFF0030 00003C (v01 VBOX   VBOXXSDT 00000001 ASL  00000061)
[    0.000000] ACPI: FACP 0x000000007FFF00F0 0000F4 (v04 VBOX   VBOXFACP 00000001 ASL  00000061)
[    0.000000] ACPI: DSDT 0x000000007FFF0470 0021FF (v02 VBOX   VBOXBIOS 00000002 INTL 20180105)
[    0.000000] ACPI: FACS 0x000000007FFF0200 000040
[    0.000000] ACPI: FACS 0x000000007FFF0200 000040
[    0.000000] ACPI: APIC 0x000000007FFF0240 00005C (v02 VBOX   VBOXAPIC 00000001 ASL  00000061)
[    0.000000] ACPI: SSDT 0x000000007FFF02A0 0001CC (v01 VBOX   VBOXCPUT 00000002 INTL 20180105)
[    0.000000] No NUMA configuration found
[    0.000000] Faking a node at [mem 0x0000000000000000-0x000000007ffeffff]
[    0.000000] NODE_DATA(0) allocated [mem 0x7ffc5000-0x7ffeffff]
[    0.000000] kvm-clock: cpu 0, msr 0:7ff44001, primary cpu clock
[    0.000000] kvm-clock: Using msrs 4b564d01 and 4b564d00
[    0.000000] kvm-clock: using sched offset of 12887361296 cycles
[    0.000000] clocksource: kvm-clock: mask: 0xffffffffffffffff max_cycles: 0x1cd42e4dffb, max_idle_ns: 881590591483 ns
[    0.000000] Zone ranges:
[    0.000000]   DMA      [mem 0x0000000000001000-0x0000000000ffffff]
[    0.000000]   DMA32    [mem 0x0000000001000000-0x000000007ffeffff]
[    0.000000]   Normal   empty
[    0.000000]   Device   empty
[    0.000000] Movable zone start for each node
[    0.000000] Early memory node ranges
[    0.000000]   node   0: [mem 0x0000000000001000-0x000000000009efff]
[    0.000000]   node   0: [mem 0x0000000000100000-0x000000007ffeffff]
[    0.000000] Initmem setup node 0 [mem 0x0000000000001000-0x000000007ffeffff]
[    0.000000] Reserved but unavailable: 98 pages
[    0.000000] ACPI: PM-Timer IO Port: 0x4008
[    0.000000] IOAPIC[0]: apic_id 2, version 32, address 0xfec00000, GSI 0-23
[    0.000000] ACPI: INT_SRC_OVR (bus 0 bus_irq 0 global_irq 2 dfl dfl)
[    0.000000] ACPI: INT_SRC_OVR (bus 0 bus_irq 9 global_irq 9 low level)
[    0.000000] Using ACPI (MADT) for SMP configuration information
[    0.000000] smpboot: Allowing 2 CPUs, 0 hotplug CPUs
[    0.000000] PM: Registered nosave memory: [mem 0x00000000-0x00000fff]
[    0.000000] PM: Registered nosave memory: [mem 0x0009f000-0x0009ffff]
[    0.000000] PM: Registered nosave memory: [mem 0x000a0000-0x000effff]
[    0.000000] PM: Registered nosave memory: [mem 0x000f0000-0x000fffff]
[    0.000000] e820: [mem 0x80000000-0xfebfffff] available for PCI devices
[    0.000000] Booting paravirtualized kernel on KVM
[    0.000000] clocksource: refined-jiffies: mask: 0xffffffff max_cycles: 0xffffffff, max_idle_ns: 7645519600211568 ns
[    0.000000] random: get_random_bytes called from start_kernel+0x99/0x4fd with crng_init=0
[    0.000000] setup_percpu: NR_CPUS:8192 nr_cpumask_bits:2 nr_cpu_ids:2 nr_node_ids:1
[    0.000000] percpu: Embedded 46 pages/cpu @        (ptrval) s151552 r8192 d28672 u1048576
[    0.000000] PV qspinlock hash table entries: 256 (order: 0, 4096 bytes)
[    0.000000] Built 1 zonelists, mobility grouping on.  Total pages: 515961
[    0.000000] Policy zone: DMA32
[    0.000000] Kernel command line: BOOT_IMAGE=/boot/vmlinuz-4.15.0-38-generic root=LABEL=cloudimg-rootfs ro console=tty1 console=ttyS0
[    0.000000] Memory: 2015808K/2096696K available (12300K kernel code, 2472K rwdata, 4248K rodata, 2408K init, 2416K bss, 80888K reserved, 0K cma-reserved)
[    0.000000] SLUB: HWalign=64, Order=0-3, MinObjects=0, CPUs=2, Nodes=1
[    0.000000] Kernel/User page tables isolation: enabled
[    0.000000] ftrace: allocating 39175 entries in 154 pages
[    0.004000] Hierarchical RCU implementation.
[    0.004000] 	RCU restricting CPUs from NR_CPUS=8192 to nr_cpu_ids=2.
[    0.004000] 	Tasks RCU enabled.
[    0.004000] RCU: Adjusting geometry for rcu_fanout_leaf=16, nr_cpu_ids=2
[    0.004000] NR_IRQS: 524544, nr_irqs: 440, preallocated irqs: 16
[    0.004000] Console: colour VGA+ 80x25
[    0.004000] console [tty1] enabled
[    0.004000] console [ttyS0] enabled
[    0.004000] ACPI: Core revision 20170831
[    0.004000] ACPI: 2 ACPI AML tables successfully acquired and loaded
[    0.004000] APIC: Switch to symmetric I/O mode setup
[    0.004000] x2apic enabled
[    0.004047] Switched APIC routing to physical x2apic.
[    0.028000] ..TIMER: vector=0x30 apic1=0 pin1=2 apic2=-1 pin2=-1
[    0.028007] tsc: Detected 2712.000 MHz processor
[    0.032012] Calibrating delay loop (skipped) preset value.. 5424.00 BogoMIPS (lpj=10848000)
[    0.036009] pid_max: default: 32768 minimum: 301
[    0.040046] Security Framework initialized
[    0.044010] Yama: becoming mindful.
[    0.048050] AppArmor: AppArmor initialized
[    0.060740] Dentry cache hash table entries: 262144 (order: 9, 2097152 bytes)
[    0.065163] Inode-cache hash table entries: 131072 (order: 8, 1048576 bytes)
[    0.068038] Mount-cache hash table entries: 4096 (order: 3, 32768 bytes)
[    0.072026] Mountpoint-cache hash table entries: 4096 (order: 3, 32768 bytes)
[    0.076935] mce: CPU supports 0 MCE banks
[    0.080168] Last level iTLB entries: 4KB 64, 2MB 8, 4MB 8
[    0.084007] Last level dTLB entries: 4KB 64, 2MB 0, 4MB 0, 1GB 4
[    0.088007] Spectre V2 : Mitigation: Full generic retpoline
[    0.092009] Spectre V2 : Spectre v2 / SpectreRSB mitigation: Filling RSB on context switch
[    0.096006] Speculative Store Bypass: Vulnerable
[    0.100152] Freeing SMP alternatives memory: 36K
[    0.108000] APIC calibration not consistent with PM-Timer: 101ms instead of 100ms
[    0.108000] APIC delta adjusted to PM-Timer: 6177895 (6240442)
[    0.108529] smpboot: CPU0: Intel(R) Core(TM) i5-7200U CPU @ 2.50GHz (family: 0x6, model: 0x8e, stepping: 0x9)
[    0.112100] Performance Events: unsupported p6 CPU model 142 no PMU driver, software events only.
[    0.116085] Hierarchical SRCU implementation.
[    0.124314] NMI watchdog: Perf event create on CPU 0 failed with -2
[    0.128006] NMI watchdog: Perf NMI watchdog permanently disabled
[    0.132087] smp: Bringing up secondary CPUs ...
[    0.136213] x86: Booting SMP configuration:
[    0.140007] .... node  #0, CPUs:      #1
[    0.004000] kvm-clock: cpu 1, msr 0:7ff44041, secondary cpu clock
[    0.004000] mce: CPU supports 0 MCE banks
[    0.188252] smp: Brought up 1 node, 2 CPUs
[    0.192008] smpboot: Max logical packages: 1
[    0.196009] smpboot: Total of 2 processors activated (10848.00 BogoMIPS)
[    0.202453] devtmpfs: initialized
[    0.213495] x86/mm: Memory block size: 128MB
[    0.228244] evm: security.selinux
[    0.236007] evm: security.SMACK64
[    0.248006] evm: security.SMACK64EXEC
[    0.264006] evm: security.SMACK64TRANSMUTE
[    0.272005] evm: security.SMACK64MMAP
[    0.284005] evm: security.apparmor
[    0.296005] evm: security.ima
[    0.308020] evm: security.capability
[    0.321264] clocksource: jiffies: mask: 0xffffffff max_cycles: 0xffffffff, max_idle_ns: 7645041785100000 ns
[    0.348016] futex hash table entries: 512 (order: 3, 32768 bytes)
[    0.369401] pinctrl core: initialized pinctrl subsystem
[    0.386339] RTC time: 10:43:24, date: 11/14/18
[    0.404048] NET: Registered protocol family 16
[    0.420110] audit: initializing netlink subsys (disabled)
[    0.438594] audit: type=2000 audit(1542192216.927:1): state=initialized audit_enabled=0 res=1
[    0.444024] cpuidle: using governor ladder
[    0.448016] cpuidle: using governor menu
[    0.452066] ACPI: bus type PCI registered
[    0.456007] acpiphp: ACPI Hot Plug PCI Controller Driver version: 0.5
[    0.460659] PCI: Using configuration type 1 for base access
[    0.473532] HugeTLB registered 2.00 MiB page size, pre-allocated 0 pages
[    0.484119] ACPI: Added _OSI(Module Device)
[    0.491143] ACPI: Added _OSI(Processor Device)
[    0.492008] ACPI: Added _OSI(3.0 _SCP Extensions)
[    0.496008] ACPI: Added _OSI(Processor Aggregator Device)
[    0.500009] ACPI: Added _OSI(Linux-Dell-Video)
[    0.504010] ACPI: Added _OSI(Linux-Lenovo-NV-HDMI-Audio)
[    0.513484] ACPI: Executed 1 blocks of module-level executable AML code
[    0.525716] ACPI: Interpreter enabled
[    0.528035] ACPI: (supports S0 S5)
[    0.532007] ACPI: Using IOAPIC for interrupt routing
[    0.536530] PCI: Using host bridge windows from ACPI; if necessary, use "pci=nocrs" and report a bug
[    0.541275] ACPI: Enabled 2 GPEs in block 00 to 07
[    0.576437] ACPI: PCI Root Bridge [PCI0] (domain 0000 [bus 00-ff])
[    0.580018] acpi PNP0A03:00: _OSC: OS supports [ASPM ClockPM Segments MSI]
[    0.584048] acpi PNP0A03:00: _OSC: not requesting OS control; OS requires [ExtendedConfig ASPM ClockPM MSI]
[    0.588024] acpi PNP0A03:00: fail to add MMCONFIG information, can't access extended PCI configuration space under this bridge.
[    0.601819] PCI host bridge to bus 0000:00
[    0.604009] pci_bus 0000:00: root bus resource [io  0x0000-0x0cf7 window]
[    0.608021] pci_bus 0000:00: root bus resource [io  0x0d00-0xffff window]
[    0.612010] pci_bus 0000:00: root bus resource [mem 0x000a0000-0x000bffff window]
[    0.616011] pci_bus 0000:00: root bus resource [mem 0x80000000-0xfdffffff window]
[    0.620010] pci_bus 0000:00: root bus resource [bus 00-ff]
[    0.662512] pci 0000:00:01.1: legacy IDE quirk: reg 0x10: [io  0x01f0-0x01f7]
[    0.664009] pci 0000:00:01.1: legacy IDE quirk: reg 0x14: [io  0x03f6]
[    0.668065] pci 0000:00:01.1: legacy IDE quirk: reg 0x18: [io  0x0170-0x0177]
[    0.672010] pci 0000:00:01.1: legacy IDE quirk: reg 0x1c: [io  0x0376]
[    0.872139] pci 0000:00:07.0: quirk: [io  0x4000-0x403f] claimed by PIIX4 ACPI
[    0.900006] pci 0000:00:07.0: quirk: [io  0x4100-0x410f] claimed by PIIX4 SMB
[    1.037154] ACPI: PCI Interrupt Link [LNKA] (IRQs 5 9 10 *11)
[    1.057222] ACPI: PCI Interrupt Link [LNKB] (IRQs 5 9 *10 11)
[    1.080524] ACPI: PCI Interrupt Link [LNKC] (IRQs 5 *9 10 11)
[    1.100782] ACPI: PCI Interrupt Link [LNKD] (IRQs 5 9 10 *11)
[    1.128000] SCSI subsystem initialized
[    1.144561] pci 0000:00:02.0: vgaarb: setting as boot VGA device
[    1.148000] pci 0000:00:02.0: vgaarb: VGA device added: decodes=io+mem,owns=io+mem,locks=none
[    1.196009] pci 0000:00:02.0: vgaarb: bridge control possible
[    1.216007] vgaarb: loaded
[    1.225554] ACPI: bus type USB registered
[    1.236205] usbcore: registered new interface driver usbfs
[    1.256058] usbcore: registered new interface driver hub
[    1.281217] usbcore: registered new device driver usb
[    1.304176] EDAC MC: Ver: 3.0.0
[    1.328455] PCI: Using ACPI for IRQ routing
[    1.352030] NetLabel: Initializing
[    1.364005] NetLabel:  domain hash size = 128
[    1.380023] NetLabel:  protocols = UNLABELED CIPSOv4 CALIPSO
[    1.400111] NetLabel:  unlabeled traffic allowed by default
[    1.429639] clocksource: Switched to clocksource kvm-clock
[    1.471659] VFS: Disk quotas dquot_6.6.0
[    1.483695] VFS: Dquot-cache hash table entries: 512 (order 0, 4096 bytes)
[    1.501723] AppArmor: AppArmor Filesystem Enabled
[    1.514955] pnp: PnP ACPI init
[    1.533523] pnp: PnP ACPI: found 3 devices
[    1.568454] clocksource: acpi_pm: mask: 0xffffff max_cycles: 0xffffff, max_idle_ns: 2085701024 ns
[    1.616776] NET: Registered protocol family 2
[    1.683879] TCP established hash table entries: 16384 (order: 5, 131072 bytes)
[    1.721791] TCP bind hash table entries: 16384 (order: 6, 262144 bytes)
[    1.739111] TCP: Hash tables configured (established 16384 bind 16384)
[    1.755916] UDP hash table entries: 1024 (order: 3, 32768 bytes)
[    1.771512] UDP-Lite hash table entries: 1024 (order: 3, 32768 bytes)
[    1.788527] NET: Registered protocol family 1
[    1.801897] pci 0000:00:00.0: Limiting direct PCI/PCI transfers
[    1.817791] pci 0000:00:01.0: Activating ISA DMA hang workarounds
[    1.834463] pci 0000:00:02.0: Video device with shadowed ROM at [mem 0x000c0000-0x000dffff]
[    1.856257] Unpacking initramfs...
[    2.530971] Freeing initrd memory: 18968K
[    2.542391] platform rtc_cmos: registered platform RTC device (no PNP device found)
[    2.570426] Scanning for low memory corruption every 60 seconds
[    2.591591] Initialise system trusted keyrings
[    2.609814] Key type blacklist registered
[    2.630456] workingset: timestamp_bits=36 max_order=19 bucket_order=0
[    2.650665] zbud: loaded
[    2.664323] squashfs: version 4.0 (2009/01/31) Phillip Lougher
[    2.685794] fuse init (API version 7.26)
[    2.799901] Key type asymmetric registered
[    2.857295] Asymmetric key parser 'x509' registered
[    2.942837] Block layer SCSI generic (bsg) driver version 0.4 loaded (major 246)
[    2.982035] io scheduler noop registered
[    2.994747] io scheduler deadline registered
[    3.008566] io scheduler cfq registered (default)
[    3.025508] ACPI: AC Adapter [AC] (on-line)
[    3.044461] input: Power Button as /devices/LNXSYSTM:00/LNXPWRBN:00/input/input0
[    3.073389] ACPI: Power Button [PWRF]
[    3.091224] input: Sleep Button as /devices/LNXSYSTM:00/LNXSLPBN:00/input/input1
[    3.115017] ACPI: Sleep Button [SLPF]
[    3.130428] Serial: 8250/16550 driver, 32 ports, IRQ sharing enabled
[    3.205807] 00:02: ttyS0 at I/O 0x3f8 (irq = 4, base_baud = 115200) is a 16550A
[    3.232071] Linux agpgart interface v0.103
[    3.250969] loop: module loaded
[    3.268311] scsi host0: ata_piix
[    3.283280] scsi host1: ata_piix
[    3.291061] ata1: PATA max UDMA/33 cmd 0x1f0 ctl 0x3f6 bmdma 0xd000 irq 14
[    3.311106] ata2: PATA max UDMA/33 cmd 0x170 ctl 0x376 bmdma 0xd008 irq 15
[    3.336077] libphy: Fixed MDIO Bus: probed
[    3.353104] tun: Universal TUN/TAP device driver, 1.6
[    3.369188] PPP generic driver version 2.4.2
[    3.383964] ehci_hcd: USB 2.0 'Enhanced' Host Controller (EHCI) Driver
[    3.406261] ehci-pci: EHCI PCI platform driver
[    3.420785] ehci-platform: EHCI generic platform driver
[    3.435190] ohci_hcd: USB 1.1 'Open' Host Controller (OHCI) Driver
[    3.453238] ohci-pci: OHCI PCI platform driver
[    3.468868] ohci-platform: OHCI generic platform driver
[    3.484507] uhci_hcd: USB Universal Host Controller Interface driver
[    3.503525] i8042: PNP: PS/2 Controller [PNP0303:PS2K,PNP0f03:PS2M] at 0x60,0x64 irq 1,12
[    3.534109] serio: i8042 KBD port at 0x60,0x64 irq 1
[    3.549351] serio: i8042 AUX port at 0x60,0x64 irq 12
[    3.566143] mousedev: PS/2 mouse device common for all mice
[    3.586076] input: AT Translated Set 2 keyboard as /devices/platform/i8042/serio0/input/input2
[    3.617556] rtc_cmos rtc_cmos: rtc core: registered rtc_cmos as rtc0
[    3.618250] rtc_cmos rtc_cmos: alarms up to one day, 114 bytes nvram
[    3.618259] i2c /dev entries driver
[    3.618271] pcie_mp2_amd: AMD(R) PCI-E MP2 Communication Driver Version: 1.0
[    3.618390] device-mapper: uevent: version 1.0.3
[    3.618447] device-mapper: ioctl: 4.37.0-ioctl (2017-09-20) initialised: dm-devel@redhat.com
[    3.737429] ledtrig-cpu: registered to indicate activity on CPUs
[    3.758371] NET: Registered protocol family 10
[    3.807336] Segment Routing with IPv6
[    3.820722] NET: Registered protocol family 17
[    3.835913] Key type dns_resolver registered
[    3.851747] RAS: Correctable Errors collector initialized.
[    3.868702] sched_clock: Marking stable (3868570003, 0)->(7094435808, -3225865805)
[    3.903632] registered taskstats version 1
[    3.919304] Loading compiled-in X.509 certificates
[    3.948723] Loaded X.509 cert 'Build time autogenerated kernel key: f3a9ae7fdf18cf897e7c53db8499a9c1252f0be9'
[    3.998794] zswap: loaded using pool lzo/zbud
[    4.158292] Key type big_key registered
[    4.184303] Key type trusted registered
[    4.213598] Key type encrypted registered
[    4.223165] AppArmor: AppArmor sha1 policy hashing enabled
[    4.241113] ima: No TPM chip found, activating TPM-bypass! (rc=-19)
[    4.264030] ima: Allocated hash algorithm: sha1
[    4.274653] evm: HMAC attrs: 0x1
[    4.289870]   Magic number: 10:825:729
[    4.305573] rtc_cmos rtc_cmos: setting system clock to 2018-11-14 10:43:29 UTC (1542192209)
[    4.334736] BIOS EDD facility v0.16 2004-Jun-25, 0 devices found
[    4.353817] EDD information not available.
[    4.381112] Freeing unused kernel memory: 2408K
[    4.417154] Write protecting the kernel read-only data: 20480k
[    4.449576] Freeing unused kernel memory: 2008K
[    4.469014] Freeing unused kernel memory: 1896K
[    4.491512] x86/mm: Checked W+X mappings: passed, no W+X pages found.
[    4.508531] x86/mm: Checking user space page tables
[    4.530380] x86/mm: Checked W+X mappings: passed, no W+X pages found.
Loading, please wait...
starting version 237
[    4.796564] e1000: Intel(R) PRO/1000 Network Driver - version 7.3.21-k8-NAPI
[    4.837212] e1000: Copyright (c) 1999-2006 Intel Corporation.
[    5.003813] Fusion MPT base driver 3.04.20
[    5.024107] Copyright (c) 1999-2008 LSI Corporation
[    5.866190] Fusion MPT SPI Host driver 3.04.20
[    6.155528] AVX2 version of gcm_enc/dec engaged.
[    6.171998] AES CTR mode by8 optimization enabled
[    7.075980] input: ImExPS/2 Generic Explorer Mouse as /devices/platform/i8042/serio1/input/input4
[    7.906043] e1000 0000:00:03.0 eth0: (PCI:33MHz:32-bit) 02:85:b4:6d:51:fa
[    7.923189] e1000 0000:00:03.0 eth0: Intel(R) PRO/1000 Network Connection
[    7.946467] mptbase: ioc0: Initiating bringup
[    8.198132] ioc0: LSI53C1030 A0: Capabilities={Initiator}
[    9.964083] scsi host2: ioc0: LSI53C1030 A0, FwRev=00000000h, Ports=1, MaxQ=256, IRQ=20
[   10.170367] scsi 2:0:0:0: Direct-Access     VBOX     HARDDISK         1.0  PQ: 0 ANSI: 5
[   11.165045] scsi target2:0:0: Beginning Domain Validation
[   11.352570] scsi target2:0:0: Domain Validation skipping write tests
[   11.383757] scsi target2:0:0: Ending Domain Validation
[   11.423414] scsi target2:0:0: asynchronous
[   11.466997] random: fast init done
[   11.503752] scsi 2:0:1:0: Direct-Access     VBOX     HARDDISK         1.0  PQ: 0 ANSI: 5
[   11.856804] scsi target2:0:1: Beginning Domain Validation
[   11.963633] scsi target2:0:1: Domain Validation skipping write tests
[   11.984618] scsi target2:0:1: Ending Domain Validation
[   12.035947] scsi target2:0:1: asynchronous
[   12.082140] random: systemd-udevd: uninitialized urandom read (16 bytes read)
[   12.121307] sd 2:0:0:0: [sda] 20971520 512-byte logical blocks: (10.7 GB/10.0 GiB)
[   12.163811] sd 2:0:0:0: [sda] Write Protect is off
[   12.190920] sd 2:0:0:0: Attached scsi generic sg0 type 0
[   12.280516] sd 2:0:0:0: [sda] Incomplete mode parameter data
[   12.356033] random: systemd-udevd: uninitialized urandom read (16 bytes read)
[   12.356038] random: systemd-udevd: uninitialized urandom read (16 bytes read)
[   12.453222] sd 2:0:0:0: [sda] Assuming drive cache: write through
[   12.497243] sd 2:0:1:0: Attached scsi generic sg1 type 0
[   12.538865]  sda: sda1
[   12.554851] sd 2:0:1:0: [sdb] 20480 512-byte logical blocks: (10.5 MB/10.0 MiB)
[   12.606987] sd 2:0:1:0: [sdb] Write Protect is off
[   12.637506] sd 2:0:1:0: [sdb] Incomplete mode parameter data
[   12.655782] sd 2:0:1:0: [sdb] Assuming drive cache: write through
[   12.687292] sd 2:0:0:0: [sda] Attached SCSI disk
[   12.737012] sd 2:0:1:0: [sdb] Attached SCSI disk
[   13.334734] e1000 0000:00:08.0 eth1: (PCI:33MHz:32-bit) 08:00:27:0e:43:c9
[   13.352731] e1000 0000:00:08.0 eth1: Intel(R) PRO/1000 Network Connection
[   13.389694] e1000 0000:00:03.0 enp0s3: renamed from eth0
[   13.817842] e1000 0000:00:08.0 enp0s8: renamed from eth1
Begin: Loading essential drivers ... [   20.728841] raid6: sse2x1   gen()  2092 MB/s
[   20.861916] raid6: sse2x1   xor()  5564 MB/s
[   20.937384] raid6: sse2x2   gen()  8177 MB/s
[   21.013345] raid6: sse2x2   xor()  6274 MB/s
[   21.080321] raid6: sse2x4   gen()  5992 MB/s
[   21.149454] raid6: sse2x4   xor()  6258 MB/s
[   21.228381] raid6: avx2x1   gen() 18411 MB/s
[   21.298241] raid6: avx2x1   xor()  8874 MB/s
[   21.368422] raid6: avx2x2   gen() 13904 MB/s
[   21.438155] raid6: avx2x2   xor()  9895 MB/s
[   21.511229] raid6: avx2x4   gen() 22050 MB/s
[   21.597590] raid6: avx2x4   xor() 12908 MB/s
[   21.616352] raid6: using algorithm avx2x4 gen() 22050 MB/s
[   21.633965] raid6: .... xor() 12908 MB/s, rmw enabled
[   21.650829] raid6: using avx2x2 recovery algorithm
[   21.695620] xor: automatically using best checksumming function   avx       
[   21.755708] async_tx: api initialized (async)
done.
Begin: Running /scripts/init-premount ... done.
Begin: Mounting root file system ... Begin: Running /scripts/local-top ... done.
Begin: Running /scripts/local-premount ... [   22.214878] Btrfs loaded, crc32c=crc32c-intel
Scanning for Btrfs filesystems
done.
Warning: fsck not present, so skipping root file system
[   22.402903] EXT4-fs (sda1): mounted filesystem with ordered data mode. Opts: (null)
done.
Begin: Running /scripts/local-bottom ... done.
Begin: Running /scripts/init-bottom ... done.
[   23.166451] ip_tables: (C) 2000-2006 Netfilter Core Team
[   23.238640] systemd[1]: systemd 237 running in system mode. (+PAM +AUDIT +SELINUX +IMA +APPARMOR +SMACK +SYSVINIT +UTMP +LIBCRYPTSETUP +GCRYPT +GNUTLS +ACL +XZ +LZ4 +SECCOMP +BLKID +ELFUTILS +KMOD -IDN2 +IDN -PCRE2 default-hierarchy=hybrid)
[   23.289392] systemd[1]: Detected virtualization oracle.
[   23.303911] systemd[1]: Detected architecture x86-64.

Welcome to [1mUbuntu 18.04.1 LTS[0m!

[   23.450979] systemd[1]: Set hostname to <ubuntu>.
[   23.503118] systemd[1]: Initializing machine ID from random generator.
[   23.521094] systemd[1]: Installed transient /etc/machine-id file.
[   23.794516] random: crng init done
[   23.815154] random: 7 urandom warning(s) missed due to ratelimiting
[   24.601112] systemd[1]: Reached target Swap.
[[0;32m  OK  [0m] Reached target Swap.
[   24.637890] systemd[1]: Reached target User and Group Name Lookups.
[[0;32m  OK  [0m] Reached target User and Group Name Lookups.
[   24.679937] systemd[1]: Started Forward Password Requests to Wall Directory Watch.
[[0;32m  OK  [0m] Started Forward Password Requests to Wall Directory Watch.
[   24.802251] systemd[1]: Created slice System Slice.
[[0;32m  OK  [0m] Created slice System Slice.
[[0;32m  OK  [0m] Listening on Syslog Socket.
[[0;32m  OK  [0m] Listening on Journal Socket.
         Starting Create list of required stâ€¦ce nodes for the current kernel...
         Starting Set the console keyboard layout...
         Mounting Kernel Debug File System...
[[0;32m  OK  [0m] Listening on Journal Audit Socket.
         Mounting Huge Pages File System...
[[0;32m  OK  [0m] Listening on udev Control Socket.
[[0;32m  OK  [0m] Listening on udev Kernel Socket.
         Starting udev Coldplug all Devices...
         Mounting POSIX Message Queue File System...
[[0;32m  OK  [0m] Listening on Journal Socket (/dev/log).
         Starting Journal Service...
         Starting Remount Root and Kernel File Systems...
[[0;32m  OK  [0m] Listening on Device-mapper event daemon FIFOs.
[[0;32m  OK  [0m] Reached target System Time Synchronized.
[[0;32m  OK  [0m] Listening on /dev/initctl Compatibility Named Pipe.
[   25.687984] EXT4-fs (sda1): re-mounted. Opts: (null)
         Starting Load Kernel Modules...
[[0;32m  OK  [0m] Listening on Network Service Netlink Socket.
[[0;32m  OK  [0m] Created slice system-serial\x2dgetty.slice.
         Starting Uncomplicated firewall...
[[0;32m  OK  [0m] Set up automount Arbitrary Executabâ€¦rmats File System Automount Point.
[[0;32m  OK  [0m] Listening on LVM2 metadata daemon socket.
         Starting Monitoring of LVM2 mirrorsâ€¦ng dmeventd or progress polling...
[[0;32m  OK  [0m] Created slice User and Session Slice.
[[0;32m  OK  [0m] Reached target Slices.
[[0;32m  OK  [0m] Listening on LVM2 poll daemon socket.
[[   26.231819] Loading iSCSI transport class v2.0-870.
[0;32m  OK  [0m] Started Journal Service.
[[0;32m  OK  [0m] Started Create list of required staâ€¦vice nodes for the current kernel.
[[0;32m  OK  [0m] Started Set the console keyboard layout.
[[0;32m  OK  [0m] Mounted Kernel Debug File System.
[[0;32m  OK  [0m] Mounted Huge Pages File System.
[[0;32m  OK  [0m] Mounted POSIX Message Queue File System.
[[0;32m  OK  [0m] Started Remount Root and Kernel File Systems.
[[0;32m  OK  [0m] Started Uncomplicated firewall.
[[0;32m  OK  [0m] Started LVM2 metadata daemon.
         Starting Load/Save Random Seed...
         Starting Initial cloud-init job (pre-networking)...
[   26.854635] iscsi: registered transport (tcp)
         Starting Create Static Device Nodes in /dev...
         Starting Flush Journal to Persistent Storage...
[[0;32m  OK  [0m] Started udev Coldplug all Devices.
[[0;32m  OK  [0m] Started Load/Save Random Seed.
[[0;32m  OK  [0m] Started Monitoring of LVM2 mirrors,â€¦sing dmeventd or progress polling.
[   27.282781] systemd-journald[389]: Received request to flush runtime journal from PID 1
[[0;32m  OK  [0m] Started Create Static Device Nodes in /dev.
         Starting udev Kernel Device Manager...
[[0;32m  OK  [0m] Reached target Local File Systems (Pre).
[[0;32m  OK  [0m] Reached target Local File Systems.
         Starting AppArmor initialization...
         Starting Set console font and keymap...
         Starting Tell Plymouth To Write Out Runtime Data...
         Starting ebtables ruleset management...
         Starting Commit a transient machine-id on disk...
[[0;32m  OK  [0m] Started Flush Journal to Persistent Storage.
[[0;32m  OK  [0m] Started Set console font and keymap.
[[0;32m  OK  [0m] Started Tell Plymouth To Write Out Runtime Data.
         Starting Create Volatile Files and Directories...
[[0;32m  OK  [0m] Started Commit a transient machine-id on disk.
[[0;32m  OK  [0m] Started Create Volatile Files and Directories.
         Starting Update UTMP about System Boot/Shutdown...
[[0;32m  OK  [0m] Started ebtables ruleset management.
[[0;32m  OK  [0m] Started Update UTMP about System Boot/Shutdown.
[   28.873203] iscsi: registered transport (iser)
[[0;32m  OK  [0m] Started Load Kernel Modules.
         Mounting FUSE Control File System...
         Mounting Kernel Configuration File System...
         Starting Apply Kernel Variables...
[[0;32m  OK  [0m] Mounted FUSE Control File System.
[[0;32m  OK  [0m] Mounted Kernel Configuration File System.
[[0;32m  OK  [0m] Started udev Kernel Device Manager.
[[0;32m  OK  [0m] Started Dispatch Password Requests to Console Directory Watch.
[[0;32m  OK  [0m] Reached target Local Encrypted Volumes.
[[0;32m  OK  [0m] Started Apply Kernel Variables.
[[0;32m  OK  [0m] Found device /dev/ttyS0.
[[0;32m  OK  [0m] Listening on Load/Save RF Kill Switch Status /dev/rfkill Watch.
[[0;32m  OK  [0m] Started AppArmor initialization.
[   37.733304] cloud-init[404]: Cloud-init v. 18.4-0ubuntu1~18.04.1 running 'init-local' at Wed, 14 Nov 2018 10:44:01 +0000. Up 36.66 seconds.
[[0;32m  OK  [0m] Started Initial cloud-init job (pre-networking).
[[0;32m  OK  [0m] Reached target Network (Pre).
         Starting Network Service...
[[0;32m  OK  [0m] Started Network Service.
         Starting Network Name Resolution...
         Starting Wait for Network to be Configured...
[[0;32m  OK  [0m] Started Network Name Resolution.
[[0;32m  OK  [0m] Reached target Host and Network Name Lookups.
[[0;32m  OK  [0m] Reached target Network.
[[0;32m  OK  [0m] Started Wait for Network to be Configured.
         Starting Initial cloud-init job (metadata service crawler)...
[   43.335959] cloud-init[626]: Cloud-init v. 18.4-0ubuntu1~18.04.1 running 'init' at Wed, 14 Nov 2018 10:44:06 +0000. Up 41.24 seconds.
[   43.398616] cloud-init[626]: ci-info: ++++++++++++++++++++++++++++++++++++++Net device info+++++++++++++++++++++++++++++++++++++++
[   43.448169] cloud-init[626]: ci-info: +--------+-------+----------------------------+---------------+--------+-------------------+
[   43.498088] cloud-init[626]: ci-info: | Device |   Up  |          Address           |      Mask     | Scope  |     Hw-Address    |
[[0;32m  OK  [0m] Started Initial cloud-init job (metadata service crawler).
[[0;32m  OK  [0m] Reached target Network is Online.
[   43.615930] cloud-init[626]: ci-info: +--------+-------+----------------------------+---------------+--------+-------------------+         Starting Availability of block devices...
[[0;32m  OK  [0m] Reached target Remote File Systems (Pre).
[[0;32m  OK  [0m] Reached target Remote File Systems.
[[0;32m  OK  [0m] Reached target System Initialization.
[[0;32m  OK  [0m] Listening on ACPID Listen Socket.
         Starting LXD - unix socket.
[[0;32m  OK  [0m] Listening on D-Bus System Message Bus Socket.
[[0;32m  OK  [0m] Listening on Open-iSCSI iscsid Socket.
[[0;32m  OK  [0m] Started Discard unused blocks once a week.
[[0;32m  OK  [0m] Started Message of the Day.
[[0;32m  OK  [0m] Listening on UUID daemon activation socket.

[   43.808931] cloud-init[[0;32m  OK  [0m] Started ACPI Events Check.
         Starting Socket activation for snappy daemon.
[[0;32m  OK  [0m] Started Daily apt download activities.
[[0;32m  OK  [0m] Started Daily apt upgrade and clean activities.
[[0;32m  OK  [0m] Reached target Paths.
[[0;32m  OK  [0m] Started Daily Cleanup of Temporary Directories.
[[0;32m  OK  [0m] Reached target Timers.
[[0;32m  OK  [0m] Reached target Cloud-config availability.
[626]: ci-info: | enp0s3 |  True |         10.0.2.15          | 255.255.255.0 | global | 02:85:b4:6d:51:fa |
[   44.108037] [[0;32m  OK  [0m] Started Availability of block devices.
[[0;32m  OK  [0m] Listening on LXD - unix socket.
[[0;32m  OK  [0m] Listening on Socket activation for snappy daemon.
[[0;32m  OK  [0m] Reached target Sockets.
[[0;32m  OK  [0m] Reached target Basic System.
cloud-init[626]: ci-info: | enp0s3 |  True | fe80::85:b4ff:fe6d:51fa/64 |       .       |  link  | 02:85:b4:6d:51:fa |
[   44.285805] cloud-init[626]: ci-info: | enp0s8 | False |             .              |       .       |   .    | 08:00:27:0e:43:c9 |
         Starting Virtualbox guest utils...
[   44.392031] cloud-init[626]: ci-info: |   lo   |  True |         127.0.0.1          |   255.0.0.0   |  host  |         .         |[[0;32m  OK  [0m] Started irqbalance daemon.

[   44.450690] cloud-init[626]: ci-info: |   lo   |  True |          ::1/128           |       .       |  host  |         .         |         
[   44.517975] cloud-init[626]: ci-info: +--------+-------+----------------------------+---------------+--------+-------------------+Starting Pollinate to seed the pseudo random number generator...

[   44.600246] cloud-init[626]: ci-info: ++++++++++++++++++++++++++++Route IPv4 info+++++++++++++++++++++++++++++         Starting Dispatcher daemon for systemd-networkd...
[[0;32m  OK  [0m] Started Deferred execution scheduler.
         Starting LSB: Record successful boot for GRUB...
[[0;32m  OK  [0m] Started D-Bus System Message Bus.

[   44.746925] cloud-init[626]: ci-info: +-------+-------------+----------+-----------------+-----------+-------+
[   44.826451] cloud-init[626]: ci-info: | Route | Destination | Gateway  |     Genmask     | Interface | Flags |
[   44.876331] cloud-init[626]: ci-info: +-------+-------------+----------+-----------------+-----------+-------+
[   44.920179] cloud-init[626]: ci-info: |   0   |   0.0.0.0   | 10.0.2.2 |     0.0.0.0     |   enp0s3  |   UG  |
[   44.969454] cloud-init[626]: ci-info: |   1   |   10.0.2.0  | 0.0.0.0  |  255.255.255.0  |   enp0s3  |   U   |         Starting LSB: automatic crash report generation...
[   45.048816] cloud-init[626]: ci-info: |   2   |   10.0.2.2  | 0.0.0.0  | 255.255.255.255 |   enp0s3  |   UH  |
[   45.048872] cloud-init[626]: ci-info: +-------+-------------+----------+-----------------+-----------+-------+
[   45.048910] cloud-init[626]: ci-info: +++++++++++++++++++Route IPv6 info+++++++++++++++++++
[   45.048945] cloud-init[626]: ci-info: +-------+-------------+---------+-----------+-------+
[   45.048978] cloud-init[626]: ci-info: | Route | Destination | Gateway | Interface | Flags |
[   45.049008] cloud-init[626]: ci-info: +-------+-------------+---------+-----------+-------+
[   45.051296] cloud-init[626]: ci-info: |   1   |  fe80::/64  |    ::   |   enp0s3  |   U   |
[   45.051348] cloud-init[626]: ci-info: |   3   |    local    |    ::   |   enp0s3  |   U   |
[   45.051381] cloud-init[626]: ci-info: |   4   |   ff00::/8  |    ::   |   enp0s3  |   U   |
[   45.051413] cloud-init[626]: ci-info: +-------+-------------+---------+-----------+-------+
[   45.051443] cloud-init[626]: Generating public/private rsa key pair.
[   45.051475] cloud-init[626]: Your identification has been saved in /etc/ssh/ssh_host_rsa_key.
[   45.051619] cloud-init[626]: Your public key has been saved in /etc/ssh/ssh_host_rsa_key.pub.
[   45.051655] cloud-init[626]: The key fingerprint is:
[   45.051694] cloud-init[626]: SHA256:Pr+rFL7DzhexZOQxpODTfnoUTf6PrrJ8XM8e+Bmdirs root@ubuntu-bionic
[   45.051738] cloud-init[626]: The key's randomart image is:
[   45.051784] cloud-init[626]: +---[RSA 2048]----+
[   45.051829] cloud-init[626]: |      .  .. .    |
[   45.051878] cloud-init[626]: |     . o .++     |
[   45.051925] cloud-init[626]: |      o oo.oo    |
[   45.051978] cloud-init[626]: |       o  =. .   |
[   45.052029] cloud-init[626]: |        Sooo  .  |
[   45.052084] cloud-init[626]: |       o =o   ooo|
[   45.052136] cloud-init[626]: |       .* .o o.*o|
[   45.052183] cloud-init[626]: |       oo*o +.o *|
[   45.052228] cloud-init[626]: |       .=+*E+o.+.|
[   45.052278] cloud-init[626]: +----[SHA256]-----+
[   45.052323] cloud-init[626]: Generating public/private dsa key pair.
[   45.052376] cloud-init[626]: Your identification has been saved in /etc/ssh/ssh_host_dsa_key.
[   45.052425] cloud-init[626]: Your public key has been saved in /etc/ssh/ssh_host_dsa_key.pub.
[   45.052471] cloud-init[626]: The key fingerprint is:
[   45.058063] cloud-init[626]: SHA256:WH9q/tqE/8J9QeO286yTepXw2aQ8aETUxHtrL4d5Vq0 root@ubuntu-bionic
[   45.058146] cloud-init[626]: The key's randomart image is:
[   45.058189] cloud-init[626]: +---[DSA 1024]----+
[   45.058223] cloud-init[626]: |           ..+.  |
[   45.058254] cloud-init[626]: |            . o  |
[   45.058283] cloud-init[626]: |        .  .   . |
[   45.058323] cloud-init[626]: |       o .  ...oo|
[   45.058361] cloud-init[626]: |      . S ...o=+B|
[   45.058392] cloud-init[626]: |           +o +X=|
[   45.058427] cloud-init[626]: |          +o..oB=|
[   45.058457] cloud-init[626]: |         o +o E+*|
[   45.058543] cloud-init[626]: |          oo==oO=|
[   45.058577] cloud-init[626]: +----[SHA256]-----+
[   45.058606] cloud-init[626]: Generating public/private ecdsa key pair.
[   45.058643] cloud-init[626]: Your identification has been saved in /etc/ssh/ssh_host_ecdsa_key.
[   45.058674] cloud-init[626]: Your public key has been saved in /etc/ssh/ssh_host_ecdsa_key.pub.
[   45.058706] cloud-init[626]: The key fingerprint is:
[   45.058736] cloud-init[626]: SHA256:/NKARfrXAsCUGLCMZzyIU+4HxbJW4KP+5WgOFVAfczk root@ubuntu-bionic
[   45.058765] cloud-init[626]: The key's randomart image is:
[   45.058794] cloud-init[626]: +---[ECDSA 256]---+
[   45.058825] cloud-init[626]: | .==oBooo        |
[   45.058855] cloud-init[626]: |.Ooo= *E         |
[   45.058890] cloud-init[626]: |= %= .. +        |
[   45.058922] cloud-init[626]: | *o+.  = . .     |
[   45.058955] cloud-init[626]: |..... . S o .    |
[   45.058984] cloud-init[626]: |. ..     = .     |
[   45.059016] cloud-init[626]: | o   .  . o      |
[   45.059050] 
cloud-init[626]: |  o.+    .       |
         Starting Permit User Sessions...
[   46.027499] cloud-init[626]: |  o+ .           |         Starting Snappy daemon...
[   46.110394] 
         Starting Accounts Service...cloud-init[626]: 
+----[SHA256]-----+
[   46.182976] cloud-init[626]: Generating public/private ed25519 key pair.
[   46.228514] cloud-init[626]: Your identification has been saved in /etc/ssh/ssh_host_ed25519_key.         Starting Login Service...
         Starting LXD - container startup/shutdown...
[[0;32m  OK  [0m] Started Unattended Upgrades Shutdown.
         Starting System Logging Service...
[[0;32m  OK  [0m] Started FUSE filesystem for LXC.
[[0;32m  OK  [0m] Started Regular background program processing daemon.
[[0;32m  OK  [0m] Started Permit User Sessions.
         Starting Hold until boot process finishes up...
         Starting Terminate Plymouth Boot Screen...
[[0;32m  OK  [0m] Started Hold until boot process finishes up.
[[0;32m  OK  [0m] Started Terminate Plymouth Boot Screen.
[[0;32m  OK  [0m] Started Serial Getty on ttyS0.

[   46.836163] cloud-init         Starting Set console scheme...
[626]: Your public key has been saved in /etc/ssh/ssh_host_ed25519_key.pub.
[   47.014066] cloud-init[[0;32m  OK  [0m] Started Set console scheme.
[[0;32m  OK  [0m] Created slice system-getty.slice.
[[0;32m  OK  [0m] Started Getty on tty1.
[[0;32m  OK  [0m] Reached target Login Prompts.
[626]: The key fingerprint is:
[   47.352053] cloud-init[626]: SHA256:l4FQag4Co0lOAmnjMNlcX2qcImk9zGp9xhtSVe7CRFQ root@ubuntu-bionic
[   47.558767] cloud-init[626]: The key's randomart image is:
[   47.782356] cloud-init[626]: +--[ED25519 256]--+
[[0;32m  OK  [0m] Started LSB: automatic crash report generation.
[   48.381091] cloud-init[626]: |*B .. .o*oE      |
[   48.531376] cloud-init[626]: |@*o= o O o       |
[   48.597822] cloud-init[626]: |*o* B X o o      |
[   48.745854] cloud-init[626]: | o = X o . o     |
[   48.841090] cloud-init[626]: |  o o * S +      |
[   48.950388] cloud-init[626]: | .   + o o       |
[   49.108537] cloud-init[626]: [[0;32m  OK  [0m] |      .          |Started LSB: Record successful boot for GRUB.

[   49.264022] cloud-init[626]: |                 |
[   49.367060] cloud-init[626]: |                 |
[   49.661434] cloud-init[626]: +----[SHA256]-----+
[[0;32m  OK  [0m] Started Login Service.
[[0;32m  OK  [0m] Started System Logging Service.
         Starting Authorization Manager...
[[0;32m  OK  [0m] Started Authorization Manager.
[[0;32m  OK  [0m] Started Accounts Service.

Ubuntu 18.04.1 LTS ubuntu-bionic ttyS0

ubuntu-bionic login: [   62.930366] cloud-init[1255]: Cloud-init v. 18.4-0ubuntu1~18.04.1 running 'modules:config' at Wed, 14 Nov 2018 10:44:26 +0000. Up 61.14 seconds.
ci-info: no authorized ssh keys fingerprints found for user ubuntu.
<14>Nov 14 10:44:30 ec2: 
<14>Nov 14 10:44:30 ec2: #############################################################
<14>Nov 14 10:44:30 ec2: -----BEGIN SSH HOST KEY FINGERPRINTS-----
<14>Nov 14 10:44:30 ec2: 1024 SHA256:WH9q/tqE/8J9QeO286yTepXw2aQ8aETUxHtrL4d5Vq0 root@ubuntu-bionic (DSA)
<14>Nov 14 10:44:30 ec2: 256 SHA256:/NKARfrXAsCUGLCMZzyIU+4HxbJW4KP+5WgOFVAfczk root@ubuntu-bionic (ECDSA)
<14>Nov 14 10:44:30 ec2: 256 SHA256:l4FQag4Co0lOAmnjMNlcX2qcImk9zGp9xhtSVe7CRFQ root@ubuntu-bionic (ED25519)
<14>Nov 14 10:44:30 ec2: 2048 SHA256:Pr+rFL7DzhexZOQxpODTfnoUTf6PrrJ8XM8e+Bmdirs root@ubuntu-bionic (RSA)
<14>Nov 14 10:44:30 ec2: -----END SSH HOST KEY FINGERPRINTS-----
<14>Nov 14 10:44:30 ec2: #############################################################
-----BEGIN SSH HOST KEY KEYS-----
ecdsa-sha2-nistp256 AAAAE2VjZHNhLXNoYTItbmlzdHAyNTYAAAAIbmlzdHAyNTYAAABBBHPF7/YKaWx9uIw+Sn//bOcPYzDBFC1gRC0jpQDJ3oLo+tMwqSm0KDg4blxGCuyoDgBikzfh4o4G+BbWnMY1IXY= root@ubuntu-bionic
ssh-ed25519 AAAAC3NzaC1lZDI1NTE5AAAAIJKHGtEwY2hHWh6420Y0OJKIjfUSbiqftETetkKpYT1s root@ubuntu-bionic
ssh-rsa AAAAB3NzaC1yc2EAAAADAQABAAABAQCiUtSIWza2FoKKvy5NjDGL3K9rwPJkh6pAi4Jw8AOLx4+c9hBew71OnZ6FMG1bDqOtQI1qDWY0S+bka00+CW2qJ2z8ZJw47k0JRbJ255xIByXkMYNAswxTgkPm5O3Z6r8Dai2EH09HiVHh9lR85YVj+S7ZJiAx9XZnguAsGX4gBG4nk6leb0eKvkM6OJNqll5bJz7lu9d1/pJNksuXsTJBaFET9xSW+4VPIw8njM8WCmK03NEcQaiAtLhMgUfjPYSKPXtL/oLxfdl6h4ltYBHVZMDfwLnTDrlG8Lw+bOh8v1kbyvdT7093clx/MsTVRZSpY1cB5Qb5/enlv9MnRXbF root@ubuntu-bionic
-----END SSH HOST KEY KEYS-----
[   65.890642] cloud-init[1391]: Cloud-init v. 18.4-0ubuntu1~18.04.1 running 'modules:final' at Wed, 14 Nov 2018 10:44:29 +0000. Up 64.43 seconds.
[   65.891346] cloud-init[1391]: ci-info: no authorized ssh keys fingerprints found for user ubuntu.
[   65.891586] cloud-init[1391]: Cloud-init v. 18.4-0ubuntu1~18.04.1 finished at Wed, 14 Nov 2018 10:44:30 +0000. Datasource DataSourceNoCloud [seed=/dev/sdb][dsmode=net].  Up 65.73 seconds
